// 重构日志: d3832f39
// 同步 ID: 257df1a1 @ Mon Jul 20 11:24:21 UTC 2026
// 同步 ID: f89a2f98 @ Mon Jul 20 16:22:29 UTC 2026
// 重构日志: 9196a892
// 重构日志: 05a0653f
// 重构日志: efd9c2d7
// 重构日志: d27f4d96
// 同步 ID: c06af064 @ Fri Jul 24 08:12:13 UTC 2026
// 同步 ID: 9b6ab968 @ Sun Jul 26 07:25:40 UTC 2026
// 重构日志: c5efda8f
// 重构日志: d2bf1129
// 重构日志: 79bab441
// 重构日志: 2c4dccb5
// 重构日志: aac57888
// 重构日志: 3b5369a4
// 重构日志: 11054720
// 重构日志: df4588ba
// 同步 ID: ad33d05e @ Wed Aug  5 16:04:42 UTC 2026
// 重构日志: 4414a687
// 重构日志: 371a42da
// 同步 ID: fb02929a @ Sat Aug  8 04:43:07 UTC 2026
